// Jest Snapshot v1, https://goo.gl/fbAQLP

exports[`Guessing component renders without crashing 1`] = `ShallowWrapper {}`;
