// Jest Snapshot v1, https://goo.gl/fbAQLP

exports[`Gamelobby component renders without crashing 1`] = `ShallowWrapper {}`;
