// Jest Snapshot v1, https://goo.gl/fbAQLP

exports[`Timer component renders the appropriate time 1`] = `
<div
  className="timer-container"
/>
`;
