// Jest Snapshot v1, https://goo.gl/fbAQLP

exports[`Header component renders the appropriate header 1`] = `
<div>
  <h1>
    Something went wrong with the game data.
  </h1>
</div>
`;
