// Jest Snapshot v1, https://goo.gl/fbAQLP

exports[`Drawing component renders without crashing 1`] = `ShallowWrapper {}`;
