// Jest Snapshot v1, https://goo.gl/fbAQLP

exports[`SignupForm component renders SignUp form 1`] = `
<div
  className="sign-up-page"
>
  <div
    className="logo-container"
  >
    <img
      alt="logo"
      className="logo"
      src="digidoodle-logo.png"
    />
  </div>
  <div
    className="sign-up-form-container"
    onSubmit={[Function]}
  >
    <form
      className="sign-up-form"
    >
      <p>
        Enter your username:
      </p>
      <input
        maxLength="15"
        onChange={[Function]}
        required={true}
        spellCheck="false"
        type="text"
      />
      <br />
      <button
        className="start-button"
        type="submit"
      >
        Play Game!
      </button>
    </form>
  </div>
  <h2
    className="welcome-header"
  >
    Welcome to digi-doodle
    <span
      className="exclamation"
    >
      !
    </span>
  </h2>
  <div
    className="rules-container"
  >
    <p
      className="intro-text"
    >
      The rules of the game are simple:
    </p>
    <ul
      className="rules-ul"
    >
      <li
        className="rules-li"
      >
        • First enter your desired username to start playing
        <span
          className="exclamation"
        >
          !
        </span>
      </li>
      <li
        className="rules-li"
      >
        • When it’s your turn, you will draw a picture based on the given word or phrase that you see. 
      </li>
      <li
        className="rules-li"
      >
        • When you're guessing what another player is drawing, you will type and submit your guess in the chat box below the canvas.
      </li>
      <li
        className="rules-li"
      >
        • The drawer gets 2 points when a player makes a correct guess, and the guesser gets 1 point for each correct guess. The first player to score 15 points wins
        <span
          className="exclamation"
        >
          !
        </span>
      </li>
    </ul>
  </div>
</div>
`;
